[2/2] STEP 14/18: RUN dnf install -y /tmp/rpms/*.rpm --disablerepo="*" --nogpgcheck && dnf clean all && rm -rf /var/cache/dnf /tmp/rpms;
Updating Subscription Management repositories.
Unable to read consumer identity

This system is not registered with an entitlement server. You can use subscription-manager to register.

Package libcurl-minimal-7.76.1-40.el9.x86_64 is already installed.
Package libgcc-11.5.0-14.el9.x86_64 is already installed.
Package libstdc++-11.5.0-14.el9.x86_64 is already installed.
Package zlib-1.2.11-40.el9.x86_64 is already installed.
Error:
 Problem 1: conflicting requests
  - nothing provides libbrotli(x86-64) = 1.0.9-9.el9_7 needed by brotli-1.0.9-9.el9_7.x86_64 from @commandline
 Problem 2: conflicting requests
  - nothing provides libnode.so.137()(64bit) needed by nodejs-1:24.14.1-2.module+el9.7.0+24166+51c9666b.x86_64 from @commandline
  - nothing provides nodejs-libs(x86-64) = 1:24.14.1-2.module+el9.7.0+24166+51c9666b needed by nodejs-1:24.14.1-2.module+el9.7.0+24166+51c9666b.x86_64 from @commandline
 Problem 3: package nodejs-full-i18n-1:24.14.1-2.module+el9.7.0+24166+51c9666b.x86_64 from @commandline requires nodejs(x86-64) = 1:24.14.1-2.module+el9.7.0+24166+51c9666b, but none of the providers can be installed
  - conflicting requests
  - nothing provides libnode.so.137()(64bit) needed by nodejs-1:24.14.1-2.module+el9.7.0+24166+51c9666b.x86_64 from @commandline
  - nothing provides nodejs-libs(x86-64) = 1:24.14.1-2.module+el9.7.0+24166+51c9666b needed by nodejs-1:24.14.1-2.module+el9.7.0+24166+51c9666b.x86_64 from @commandline
 Problem 4: package nodejs-docs-1:24.14.1-2.module+el9.7.0+24166+51c9666b.noarch from @commandline requires nodejs = 1:24.14.1-2.module+el9.7.0+24166+51c9666b, but none of the providers can be installed
  - conflicting requests
  - nothing provides libnode.so.137()(64bit) needed by nodejs-1:24.14.1-2.module+el9.7.0+24166+51c9666b.x86_64 from @commandline
  - nothing provides nodejs-libs(x86-64) = 1:24.14.1-2.module+el9.7.0+24166+51c9666b needed by nodejs-1:24.14.1-2.module+el9.7.0+24166+51c9666b.x86_64 from @commandline
(try to add '--skip-broken' to skip uninstallable packages or '--nobest' to use not only best candidate packages)
Error: building at STEP "RUN dnf install -y /tmp/rpms/*.rpm --disablerepo="*" --nogpgcheck && dnf clean all && rm -rf /var/cache/dnf /tmp/rpms;": while running runtime: exit status 1

set number
set showmode
syntax on
set clipboard=unnamedplus
set showmode
